CSC : error RZ9997: Unrecognized attribute 'Class' on child content element 'DialogContent'. [E:\AMIS.9\apps\blazor\client\Client.csproj]
E:\AMIS.9\apps\blazor\client\Pages\Catalog\Purchases\PurchaseDialog.razor(5,9): error RZ9996: Unrecognized child content inside component 'MudDialog'. The component 'MudDialog' accepts child content through the following top-level items: 'TitleContent', 'DialogContent', 'DialogActions'. [E:\AMIS.9\apps\blazor\client\Client.csproj]
E:\AMIS.9\apps\blazor\client\Pages\Catalog\Purchases\PurchaseDialog.razor(13,17): error RZ10001: The type of component 'MudChip' cannot be inferred based on the values provided. Consider specifying the type arguments directly using the following attributes: 'T'. [E:\AMIS.9\apps\blazor\client\Client.csproj]
E:\AMIS.9\apps\blazor\client\Pages\Catalog\Purchases\PurchaseDialog.razor(105,30): error RZ1034: Found a malformed 'MudTextField' tag helper. Tag helpers must have a start and end tag or be self closing. [E:\AMIS.9\apps\blazor\client\Client.csproj]
E:\AMIS.9\apps\blazor\client\Pages\Catalog\Purchases\PurchaseDialog.razor(107,50): error RZ9986: Component attributes do not support complex content (mixed C# and markup). Attribute: 'Value', text: 'Model.TotalAmount.ToString(\"C\", CultureInfo.CurrentCulture)" [E:\AMIS.9\apps\blazor\client\Client.csproj]
E:\AMIS.9\apps\blazor\client\Pages\Catalog\Purchases\PurchaseDialog.razor(107,77): error RZ1027: An opening "(" is missing the corresponding closing ")". [E:\AMIS.9\apps\blazor\client\Client.csproj]
E:\AMIS.9\apps\blazor\client\Pages\Catalog\Purchases\Purchases.razor(74,2): error RZ10001: The type of component 'MudChipSet' cannot be inferred based on the values provided. Consider specifying the type arguments directly using the following attributes: 'T'. [E:\AMIS.9\apps\blazor\client\Client.csproj]
E:\AMIS.9\apps\blazor\client\Pages\Catalog\Purchases\Purchases.razor(78,2): error RZ10001: The type of component 'MudChip' cannot be inferred based on the values provided. Consider specifying the type arguments directly using the following attributes: 'T'. [E:\AMIS.9\apps\blazor\client\Client.csproj]
E:\AMIS.9\apps\blazor\client\Pages\Catalog\Purchases\Purchases.razor(196,9): error CS1002: ; expected [E:\AMIS.9\apps\blazor\client\Client.csproj]
E:\AMIS.9\apps\blazor\client\Pages\Catalog\Purchases\PurchaseDialog.razor(107,78): error CS1056: Unexpected character '\' [E:\AMIS.9\apps\blazor\client\Client.csproj]
E:\AMIS.9\apps\blazor\client\Pages\Catalog\Purchases\PurchaseDialog.razor(107,113): error CS1003: Syntax error, ',' expected [E:\AMIS.9\apps\blazor\client\Client.csproj]
E:\AMIS.9\apps\blazor\client\Pages\Catalog\Purchases\PurchaseDialog.razor(108,58): error CS1003: Syntax error, ',' expected [E:\AMIS.9\apps\blazor\client\Client.csproj]
E:\AMIS.9\apps\blazor\client\Pages\Catalog\Purchases\PurchaseDialog.razor(109,69): error CS1003: Syntax error, ',' expected [E:\AMIS.9\apps\blazor\client\Client.csproj]
E:\AMIS.9\apps\blazor\client\Pages\Catalog\Purchases\PurchaseDialog.razor(110,70): error CS1003: Syntax error, ',' expected [E:\AMIS.9\apps\blazor\client\Client.csproj]
E:\AMIS.9\apps\blazor\client\Pages\Catalog\Purchases\PurchaseDialog.razor(111,90): error CS1003: Syntax error, ',' expected [E:\AMIS.9\apps\blazor\client\Client.csproj]
E:\AMIS.9\apps\blazor\client\Pages\Catalog\Purchases\PurchaseDialog.razor(112,57): error CS1525: Invalid expression term '>' [E:\AMIS.9\apps\blazor\client\Client.csproj]
E:\AMIS.9\apps\blazor\client\Pages\Catalog\Purchases\PurchaseDialog.razor(112,58): error CS1525: Invalid expression term '<' [E:\AMIS.9\apps\blazor\client\Client.csproj]
E:\AMIS.9\apps\blazor\client\Pages\Catalog\Purchases\PurchaseDialog.razor(113,26): error CS1525: Invalid expression term '/' [E:\AMIS.9\apps\blazor\client\Client.csproj]
E:\AMIS.9\apps\blazor\client\Pages\Catalog\Purchases\PurchaseDialog.razor(113,35): error CS1525: Invalid expression term '<' [E:\AMIS.9\apps\blazor\client\Client.csproj]
E:\AMIS.9\apps\blazor\client\Pages\Catalog\Purchases\PurchaseDialog.razor(114,33): error CS1003: Syntax error, ',' expected [E:\AMIS.9\apps\blazor\client\Client.csproj]
E:\AMIS.9\apps\blazor\client\Pages\Catalog\Purchases\PurchaseDialog.razor(114,37): error CS1525: Invalid expression term ')' [E:\AMIS.9\apps\blazor\client\Client.csproj]
E:\AMIS.9\apps\blazor\client\obj\Debug\net9.0\Microsoft.CodeAnalysis.Razor.Compiler\Microsoft.NET.Sdk.Razor.SourceGenerators.RazorSourceGenerator\Pages_Catalog_Purchases_PurchaseDialog_razor.g.cs(1861,39): error CS1026: ) expected [E:\AMIS.9\apps\blazor\client\Client.csproj]
E:\AMIS.9\apps\blazor\client\Pages\Catalog\Purchases\Purchases.razor.cs(65,40): error CS1061: 'IAuthorizationService' does not contain a definition for 'HasPermissionAsync' and no accessible extension method 'HasPermissionAsync' accepting a first argument of type 'IAuthorizationService' could be found (are you missing a using directive or an assembly reference?) [E:\AMIS.9\apps\blazor\client\Client.csproj]
E:\AMIS.9\apps\blazor\client\Pages\Catalog\Purchases\Purchases.razor.cs(66,40): error CS1061: 'IAuthorizationService' does not contain a definition for 'HasPermissionAsync' and no accessible extension method 'HasPermissionAsync' accepting a first argument of type 'IAuthorizationService' could be found (are you missing a using directive or an assembly reference?) [E:\AMIS.9\apps\blazor\client\Client.csproj]
E:\AMIS.9\apps\blazor\client\Pages\Catalog\Purchases\Purchases.razor.cs(67,40): error CS1061: 'IAuthorizationService' does not contain a definition for 'HasPermissionAsync' and no accessible extension method 'HasPermissionAsync' accepting a first argument of type 'IAuthorizationService' could be found (are you missing a using directive or an assembly reference?) [E:\AMIS.9\apps\blazor\client\Client.csproj]
E:\AMIS.9\apps\blazor\client\Pages\Catalog\Purchases\Purchases.razor.cs(68,40): error CS1061: 'IAuthorizationService' does not contain a definition for 'HasPermissionAsync' and no accessible extension method 'HasPermissionAsync' accepting a first argument of type 'IAuthorizationService' could be found (are you missing a using directive or an assembly reference?) [E:\AMIS.9\apps\blazor\client\Client.csproj]
E:\AMIS.9\apps\blazor\client\obj\Debug\net9.0\Microsoft.CodeAnalysis.Razor.Compiler\Microsoft.NET.Sdk.Razor.SourceGenerators.RazorSourceGenerator\Pages_Catalog_Purchases_Purchases_razor.g.cs(2268,581): error CS0191: A readonly field cannot be assigned to (except in a constructor or init-only setter of the type in which the field is defined or a variable initializer) [E:\AMIS.9\apps\blazor\client\Client.csproj]
E:\AMIS.9\apps\blazor\client\obj\Debug\net9.0\Microsoft.CodeAnalysis.Razor.Compiler\Microsoft.NET.Sdk.Razor.SourceGenerators.RazorSourceGenerator\Pages_Catalog_Purchases_Purchases_razor.g.cs(3054,20): error CS0030: Cannot convert type 'string' to 'System.Func<AMIS.Blazor.Infrastructure.Api.PurchaseResponse, object>' [E:\AMIS.9\apps\blazor\client\Client.csproj]
E:\AMIS.9\apps\blazor\client\Pages\Catalog\Purchases\Purchases.razor(221,70): error CS1061: 'PurchaseResponse' does not contain a definition for 'ReferenceNumber' and no accessible extension method 'ReferenceNumber' accepting a first argument of type 'PurchaseResponse' could be found (are you missing a using directive or an assembly reference?) [E:\AMIS.9\apps\blazor\client\Client.csproj]
E:\AMIS.9\apps\blazor\client\obj\Debug\net9.0\Microsoft.CodeAnalysis.Razor.Compiler\Microsoft.NET.Sdk.Razor.SourceGenerators.RazorSourceGenerator\Pages_Catalog_Purchases_Purchases_razor.g.cs(3063,173): error CS1662: Cannot convert lambda expression to intended delegate type because some of the return types in the block are not implicitly convertible to the delegate return type [E:\AMIS.9\apps\blazor\client\Client.csproj]
E:\AMIS.9\apps\blazor\client\obj\Debug\net9.0\Microsoft.CodeAnalysis.Razor.Compiler\Microsoft.NET.Sdk.Razor.SourceGenerators.RazorSourceGenerator\Pages_Catalog_Purchases_Purchases_razor.g.cs(3175,20): error CS0030: Cannot convert type 'string' to 'System.Func<AMIS.Blazor.Infrastructure.Api.PurchaseResponse, object>' [E:\AMIS.9\apps\blazor\client\Client.csproj]
E:\AMIS.9\apps\blazor\client\obj\Debug\net9.0\Microsoft.CodeAnalysis.Razor.Compiler\Microsoft.NET.Sdk.Razor.SourceGenerators.RazorSourceGenerator\Pages_Catalog_Purchases_Purchases_razor.g.cs(3215,20): error CS0030: Cannot convert type 'string' to 'System.Func<AMIS.Blazor.Infrastructure.Api.PurchaseResponse, object>' [E:\AMIS.9\apps\blazor\client\Client.csproj]
E:\AMIS.9\apps\blazor\client\Pages\Catalog\Purchases\Purchases.razor(233,74): error CS0023: Operator '?' cannot be applied to operand of type 'double' [E:\AMIS.9\apps\blazor\client\Client.csproj]
E:\AMIS.9\apps\blazor\client\Pages\Catalog\Purchases\Purchases.razor(234,69): error CS1061: 'PurchaseResponse' does not contain a definition for 'Currency' and no accessible extension method 'Currency' accepting a first argument of type 'PurchaseResponse' could be found (are you missing a using directive or an assembly reference?) [E:\AMIS.9\apps\blazor\client\Client.csproj]
E:\AMIS.9\apps\blazor\client\obj\Debug\net9.0\Microsoft.CodeAnalysis.Razor.Compiler\Microsoft.NET.Sdk.Razor.SourceGenerators.RazorSourceGenerator\Pages_Catalog_Purchases_Purchases_razor.g.cs(3225,173): error CS1662: Cannot convert lambda expression to intended delegate type because some of the return types in the block are not implicitly convertible to the delegate return type [E:\AMIS.9\apps\blazor\client\Client.csproj]
E:\AMIS.9\apps\blazor\client\obj\Debug\net9.0\Microsoft.CodeAnalysis.Razor.Compiler\Microsoft.NET.Sdk.Razor.SourceGenerators.RazorSourceGenerator\Pages_Catalog_Purchases_Purchases_razor.g.cs(3335,20): error CS0030: Cannot convert type 'string' to 'System.Func<AMIS.Blazor.Infrastructure.Api.PurchaseResponse, object>' [E:\AMIS.9\apps\blazor\client\Client.csproj]
E:\AMIS.9\apps\blazor\client\Pages\Catalog\Purchases\Purchases.razor(269,57): error CS1061: 'PurchaseResponse' does not contain a definition for 'ReferenceNumber' and no accessible extension method 'ReferenceNumber' accepting a first argument of type 'PurchaseResponse' could be found (are you missing a using directive or an assembly reference?) [E:\AMIS.9\apps\blazor\client\Client.csproj]
E:\AMIS.9\apps\blazor\client\Pages\Catalog\Purchases\Purchases.razor(270,54): error CS1061: 'PurchaseResponse' does not contain a definition for 'CreatedOn' and no accessible extension method 'CreatedOn' accepting a first argument of type 'PurchaseResponse' could be found (are you missing a using directive or an assembly reference?) [E:\AMIS.9\apps\blazor\client\Client.csproj]
E:\AMIS.9\apps\blazor\client\Pages\Catalog\Purchases\Purchases.razor(274,73): error CS1061: 'PurchaseResponse' does not contain a definition for 'Notes' and no accessible extension method 'Notes' accepting a first argument of type 'PurchaseResponse' could be found (are you missing a using directive or an assembly reference?) [E:\AMIS.9\apps\blazor\client\Client.csproj]
E:\AMIS.9\apps\blazor\client\Pages\Catalog\Purchases\Purchases.razor(274,95): error CS1061: 'PurchaseResponse' does not contain a definition for 'Notes' and no accessible extension method 'Notes' accepting a first argument of type 'PurchaseResponse' could be found (are you missing a using directive or an assembly reference?) [E:\AMIS.9\apps\blazor\client\Client.csproj]
E:\AMIS.9\apps\blazor\client\obj\Debug\net9.0\Microsoft.CodeAnalysis.Razor.Compiler\Microsoft.NET.Sdk.Razor.SourceGenerators.RazorSourceGenerator\Pages_Catalog_Purchases_Purchases_razor.g.cs(3570,171): error CS1662: Cannot convert lambda expression to intended delegate type because some of the return types in the block are not implicitly convertible to the delegate return type [E:\AMIS.9\apps\blazor\client\Client.csproj]

Build FAILED.
    321 Warning(s)
    41 Error(s)

Time Elapsed 00:00:06.93
